[www.residentevil.com/village/en-asia/index.html]
[backblue.gif]
[fade.gif]
[index.html]
[www.residentevil.com/village/assets/images/common/icon.png]
[www.residentevil.com/village/assets/images/common/share.png]
[www.capcom-games.com/common/css/reset.css]
[www.capcom-games.com/common/css/titlefooter.css]
[www.residentevil.com/village/assets/css/library.css]
[www.residentevil.com/village/assets/css/page/top.css]
[www.residentevil.com/village/assets/css/style.css]
[www.residentevil.com/village/assets/css/local.css]
[www.residentevil.com/village/assets/css/state.css]
[ajax.googleapis.com/ajax/libs/jquery/3.5.1/jquery.min.js]
[www.residentevil.com/village/assets/js/library.js]
[www.residentevil.com/village/assets/js/gtm.js]
[www.residentevil.com/village/assets/js/inc.js]
[www.residentevil.com/village/assets/js/config.js]
[www.residentevil.com/village/assets/js/shaderProgram.js]
[www.residentevil.com/village/assets/js/page/top.js]
[www.residentevil.com/village/assets/images/common/logo.png]
[www.residentevil.com/village/assets/images/common/vrmode_bg.jpg]
[www.residentevil.com/village/en-asia/topics/psvr2/index.html]
[www.residentevil.com/village/assets/images/common/psvr2_logo.png]
[www.residentevil.com/village/assets/images/common/logo-vrmode.png]
[www.residentevil.com/village/assets/images/common/reversebtn_bg.jpg]
[www.residentevil.com/village/assets/images/common/reverse_logo.png]
[www.residentevil.com/village/assets/images/common/ge_bg.jpg]
[www.residentevil.com/village/assets/images/common/logo-ge.png]
[www.residentevil.com/village/assets/images/common/award/pspa2023-special.png]
[www.residentevil.com/village/assets/images/common/award/2021steam-goty.png]
[www.residentevil.com/village/assets/images/common/award/2021ps4-goty.png]
[www.residentevil.com/village/assets/images/common/award/2021ps5-goty.png]
[www.residentevil.com/village/assets/images/common/award/gja2021-ugoty.png]
[www.residentevil.com/village/assets/images/topics/psupgrade_logo.png]
[www.residentevil.com/village/assets/images/about_img01.jpg]
[www.residentevil.com/village/assets/images/about_img02.jpg]
[www.residentevil.com/village/en-asia/topics/ps-upgrade/index.html]
[www.residentevil.com/village/assets/images/about_img03.jpg]
[www.residentevil.com/village/assets/images/character_btn-ethan.jpg]
[www.residentevil.com/village/assets/images/character_btn-chris.jpg]
[www.residentevil.com/village/assets/images/character_btn-mia.jpg]
[www.residentevil.com/village/assets/images/character_btn-rosemary.jpg]
[www.residentevil.com/village/assets/images/character_btn-duke.jpg]
[www.residentevil.com/village/assets/images/character_btn-miranda.jpg]
[www.residentevil.com/village/assets/images/character_btn-dimitrescu.jpg]
[www.residentevil.com/village/assets/images/character_btn-moreau.jpg]
[www.residentevil.com/village/assets/images/character_btn-dona.jpg]
[www.residentevil.com/village/assets/images/character_btn-heisenberg.jpg]
[www.residentevil.com/village/assets/images/character_btn-houndwolf.jpg]
[www.residentevil.com/village/assets/images/character_img-ethan.jpg]
[www.residentevil.com/village/assets/images/character_img-chris.jpg]
[www.residentevil.com/village/assets/images/character_img-mia.jpg]
[www.residentevil.com/village/assets/images/character_img-rosemary.jpg]
[www.residentevil.com/village/assets/images/character_img-duke.jpg]
[www.residentevil.com/village/assets/images/character_img-miranda.jpg]
[www.residentevil.com/village/assets/images/character_img-dimitrescu.jpg]
[www.residentevil.com/village/assets/images/character_img-moreau.jpg]
[www.residentevil.com/village/assets/images/character_img-dona.jpg]
[www.residentevil.com/village/assets/images/character_img-heisenberg.jpg]
[www.residentevil.com/village/assets/images/character_img-houndwolf.jpg]
[www.residentevil.com/village/assets/images/locations_img03.jpg]
[www.residentevil.com/village/en-asia/locations/village.html]
[www.residentevil.com/village/en-asia/locations/settlement.html]
[www.residentevil.com/village/assets/images/locations_img01.jpg]
[www.residentevil.com/village/en-asia/locations/castle.html]
[www.residentevil.com/village/assets/images/locations_img02.jpg]
[www.residentevil.com/village/assets/images/gameplay_img01.jpg]
[www.residentevil.com/village/assets/images/gameplay_img02.jpg]
[www.residentevil.com/village/assets/images/gameplay_img03.jpg]
[www.residentevil.com/village/assets/images/gameplay_img04.jpg]
[www.residentevil.com/village/assets/images/gameplay_img05.jpg]
[www.residentevil.com/village/assets/images/gameplay_img06.jpg]
[www.residentevil.com/village/assets/images/mercenaries_bg.jpg]
[www.residentevil.com/village/assets/images/vrmode_bg.jpg]
[www.residentevil.com/village/en-asia/mercenaries/index.html]
[www.residentevil.com/village/assets/images/ge_bg.jpg]
[www.residentevil.com/village/assets/images/village_img-cn.png]
[www.residentevil.com/village/assets/images/reverse_img.png]
[www.residentevil.com/village/assets/images/common/ps5_logo.png]
[www.residentevil.com/village/en-asia/product/index.html]
[www.residentevil.com/village/assets/images/common/ps4_logo.png]
[www.residentevil.com/village/assets/images/common/xboxseriesx_logo.png]
[www.residentevil.com/village/assets/images/common/xboxone_logo.png]
[www.residentevil.com/village/assets/images/common/steam_logo.png]
[www.residentevil.com/village/en-asia/modal/dpi-framerate.html]
[www.residentevil.com/village/assets/images/common/25th_logo.png]
[www.residentevil.com/village/assets/images/common/reengine_logo.jpg]
[www.residentevil.com/village/assets/images/topics/portal_bnr-large.jpg]
[www.residentevil.com/village/assets/images/topics/re4_bnr.jpg]
[www.residentevil.com/village/assets/images/re7_bnr.jpg]
[www.residentevil.com/village/assets/images/page_bg-object-01.png]
[www.residentevil.com/village/en-asia/index.html]
[www.capcom-games.com/common/css/reset.css]
[www.capcom-games.com/common/css/titlefooter.css]
[www.residentevil.com/village/assets/css/library.css]
[www.residentevil.com/village/assets/images/common/gnav_bg.png]
[www.residentevil.com/village/assets/images/common/btn_pattern.png]
[www.residentevil.com/village/assets/images/common/gameplay-contsttl_line-t.png]
[www.residentevil.com/village/assets/images/common/gameplay-contsttl_line-b.png]
[www.residentevil.com/village/assets/images/common/enclose_flame-sp.png]
[www.residentevil.com/village/assets/images/common/enclose_flame.png]
[www.residentevil.com/village/assets/images/common/loading_icon.png]
[www.residentevil.com/village/assets/images/page_bg-chara.jpg]
[www.residentevil.com/village/assets/images/page_bg-object-02.jpg]
[www.residentevil.com/village/assets/images/page_bg-overlay-sp.png]
[www.residentevil.com/village/assets/images/page_bg-overlay.png]
[www.residentevil.com/village/assets/images/common/page_bg-layer.jpg]
[www.residentevil.com/village/assets/images/common/page_bg-product.jpg]
[www.residentevil.com/village/assets/images/common/earth_icon.png]
[www.residentevil.com/village/assets/images/common/slider_btn-l.png]
[www.residentevil.com/village/assets/images/common/slider_btn-r.png]
[www.residentevil.com/village/assets/images/character_btn-ethan-on.jpg]
[www.residentevil.com/village/assets/images/character_btn-chris-on.jpg]
[www.residentevil.com/village/assets/images/character_btn-mia-on.jpg]
[www.residentevil.com/village/assets/images/character_btn-rosemary-on.jpg]
[www.residentevil.com/village/assets/images/character_btn-duke-on.jpg]
[www.residentevil.com/village/assets/images/character_btn-dimitrescu-on.jpg]
[www.residentevil.com/village/assets/images/character_btn-heisenberg-on.jpg]
[www.residentevil.com/village/assets/images/character_btn-houndwolf-on.jpg]
[www.residentevil.com/village/assets/images/character_btn-miranda-on.jpg]
[www.residentevil.com/village/assets/images/character_btn-moreau-on.jpg]
[www.residentevil.com/village/assets/images/character_btn-dona-on.jpg]
[www.residentevil.com/village/assets/images/common/plus_ic-w.png]
[www.residentevil.com/village/assets/css/style.css]
[www.residentevil.com/village/assets/images/common/topics_bnr-label_bg-ge.jpg]
[www.residentevil.com/village/assets/images/common/topics_bnr-label_bg-vrmode.jpg]
[www.residentevil.com/village/assets/images/topics/cbt-period_bg.png]
[www.residentevil.com/village/assets/images/about_bg-sp.jpg]
[www.residentevil.com/village/assets/images/about_bg.jpg]
[www.residentevil.com/village/assets/images/locations_bg.jpg]
[www.residentevil.com/village/assets/images/common/play_ic.png]
[www.residentevil.com/village/assets/images/common/reservation-ttl_line-t.png]
[www.residentevil.com/village/assets/images/common/reservation-ttl_line-b.png]
[www.residentevil.com/village/assets/images/product_bg-sp.jpg]
[www.residentevil.com/village/assets/images/product_bg.jpg]
[www.residentevil.com/village/assets/css/page/top.css]
[www.residentevil.com/village/assets/images/common/earth_icon-bk.png]
[www.residentevil.com/village/assets/css/local.css]
[www.residentevil.com/village/assets/images/common/ps5_logo-bk.png]
[www.residentevil.com/village/assets/images/common/ps4_logo-bk.png]
[www.residentevil.com/village/assets/images/common/xboxseriesx_logo-bk.png]
[www.residentevil.com/village/assets/images/common/xboxone_logo-bk.png]
[www.residentevil.com/village/assets/images/common/steam_logo-bk.png]
[www.residentevil.com/village/assets/images/common/stadia_logo-bk.png]
[www.residentevil.com/village/assets/css/state.css]
[www.residentevil.com/village/assets/css/page/topics.css]
[www.residentevil.com/village/assets/images/topics/psvr2/ttl-re.jpg]
[img.youtube.com/vi/mddXUaYq1pU/maxresdefault.jpg]
[www.residentevil.com/village/assets/images/topics/psvr2/img01.jpg]
[www.residentevil.com/village/assets/images/topics/psvr2/img02.jpg]
[www.residentevil.com/village/assets/images/topics/psvr2/img03.jpg]
[www.residentevil.com/village/assets/images/topics/psvr2/img04.jpg]
[www.residentevil.com/village/assets/images/topics/psvr2/img05.jpg]
[www.residentevil.com/village/assets/images/topics/psvr2/img06.jpg]
[www.residentevil.com/village/assets/images/topics/psvr2/img07.jpg]
[www.residentevil.com/village/assets/images/topics/psvr2/img08.jpg]
[www.residentevil.com/village/assets/images/topics/psvr2/img09.jpg]
[www.residentevil.com/village/assets/images/topics/psvr2/img10.jpg]
[www.residentevil.com/village/assets/images-jp/topics/psvr2/img10.jpg]
[www.residentevil.com/village/assets/images/topics/psvr2/img11.jpg]
[www.residentevil.com/village/assets/images-jp/topics/psvr2/img11.jpg]
[www.residentevil.com/village/assets/images/topics/psvr2/img12.jpg]
[www.residentevil.com/village/assets/images-jp/topics/psvr2/img12.jpg]
[www.residentevil.com/village/en-asia/topics/psvr2/index.html]
[www.residentevil.com/village/assets/images/topics/ps-upgrade/img01.jpg]
[www.residentevil.com/village/en-asia/topics/upgrade/index.html]
[www.residentevil.com/village/assets/images/topics/ps-upgrade/img02.jpg]
[www.residentevil.com/village/en-asia/topics/ps-upgrade/index.html]
[www.residentevil.com/village/assets/css/page/locations.css]
[www.residentevil.com/village/assets/js/page/layer.js]
[www.residentevil.com/village/assets/images/locations/village_mv.jpg]
[www.residentevil.com/village/assets/images/locations/village_img01.jpg]
[www.residentevil.com/village/assets/images/locations/village_img13.jpg]
[www.residentevil.com/village/assets/images/locations/village_img14.jpg]
[www.residentevil.com/village/assets/images/locations/village_img15.jpg]
[www.residentevil.com/village/assets/images/locations/village_img16.jpg]
[www.residentevil.com/village/assets/images/locations/village_img17.jpg]
[www.residentevil.com/village/assets/images/locations/village_img18.jpg]
[www.residentevil.com/village/assets/images/locations/village_img19.jpg]
[www.residentevil.com/village/assets/images/locations/village_img20.jpg]
[www.residentevil.com/village/assets/images/locations/village_img21.jpg]
[www.residentevil.com/village/assets/images/locations/village_img22.jpg]
[www.residentevil.com/village/assets/images/locations/village_img23.jpg]
[www.residentevil.com/village/assets/images/locations/village_img04.jpg]
[www.residentevil.com/village/assets/images/locations/village_img05.jpg]
[www.residentevil.com/village/assets/images/locations/village_img06.jpg]
[www.residentevil.com/village/assets/images/locations/village_img07.jpg]
[www.residentevil.com/village/assets/images/locations/village_img08.jpg]
[www.residentevil.com/village/assets/images/locations/village_img09.jpg]
[www.residentevil.com/village/assets/images/locations/village_img10.jpg]
[www.residentevil.com/village/assets/images/locations/village_img11.jpg]
[www.residentevil.com/village/assets/images/locations/village_img12.jpg]
[www.residentevil.com/village/assets/images/locations/settlement_mv.jpg]
[www.residentevil.com/village/assets/images/locations/castle_mv.jpg]
[www.residentevil.com/village/en-asia/locations/village.html]
[www.residentevil.com/village/assets/images/locations/settlement_img01.jpg]
[www.residentevil.com/village/assets/images/locations/settlement_img02.jpg]
[www.residentevil.com/village/assets/images/locations/settlement_img03.jpg]
[www.residentevil.com/village/assets/images/locations/settlement_img04.jpg]
[www.residentevil.com/village/assets/images/locations/settlement_img05.jpg]
[www.residentevil.com/village/assets/images/locations/settlement_img06.jpg]
[www.residentevil.com/village/assets/images/locations/settlement_img07.jpg]
[www.residentevil.com/village/assets/images/locations/settlement_img08.jpg]
[www.residentevil.com/village/assets/images/locations/creature_mv.png]
[www.residentevil.com/village/assets/images/locations/village_link.jpg]
[www.residentevil.com/village/en-asia/locations/settlement.html]
[www.residentevil.com/village/assets/images/locations/castle_img01.jpg]
[www.residentevil.com/village/assets/images/locations/castle_img02.jpg]
[www.residentevil.com/village/assets/images/locations/castle_img03.jpg]
[www.residentevil.com/village/assets/images/locations/castle_img04.jpg]
[www.residentevil.com/village/assets/images/locations/castle_img05.jpg]
[www.residentevil.com/village/assets/images/locations/castle_img06.jpg]
[www.residentevil.com/village/assets/images/locations/castle_img07.jpg]
[www.residentevil.com/village/assets/images/locations/castle_img08.jpg]
[www.residentevil.com/village/en-asia/locations/castle.html]
[www.residentevil.com/village/assets/css/page/mercenaries.css]
[www.residentevil.com/village/assets/images/mercenaries/mv.jpg]
[www.residentevil.com/village/assets/images/mercenaries/img01.jpg]
[www.residentevil.com/village/assets/images/mercenaries/img02.jpg]
[www.residentevil.com/village/assets/images/mercenaries/img03.jpg]
[www.residentevil.com/village/assets/images/mercenaries/img04.jpg]
[www.residentevil.com/village/assets/images/mercenaries/img05.jpg]
[www.residentevil.com/village/en-asia/mercenaries/index.html]
[www.residentevil.com/village/assets/js/page/product.js]
[www.residentevil.com/village/assets/css/page/product.css]
[www.residentevil.com/village/en-asia/modal/product.html]
[www.residentevil.com/village/assets/images/product/sku/gold_img-dl-cn.jpg]
[www.residentevil.com/village/en-asia/topics/ps-upgrade-cn/index.html]
[www.residentevil.com/village/assets/images/product/sku/standard_img-dl-cn.jpg]
[www.residentevil.com/village/assets/images/product/sku/winters_img.jpg]
[www.residentevil.com/village/assets/images/product/sku/bundle_img.jpg]
[www.residentevil.com/village/assets/images/product/sku/privilege_img03.jpg]
[www.residentevil.com/village/en-asia/product/index.html]
[www.residentevil.com/village/en-asia/modal/dpi-framerate.html]
[www.residentevil.com/village/assets/images/topics/maiden/page_bg.jpg]
[www.residentevil.com/village/assets/images/topics/demo/page_bg-sp.png]
[www.residentevil.com/village/assets/images/topics/demo/page_bg.png]
[www.residentevil.com/village/assets/css/page/topics.css]
[www.residentevil.com/village/en-asia/topics/upgrade/index.html]
[www.residentevil.com/village/assets/css/page/locations.css]
[www.residentevil.com/village/assets/css/page/mercenaries.css]
[www.residentevil.com/village/assets/images/common/plus_ic.png]
[www.residentevil.com/village/assets/images/common/gameplay-contsttl_line-t-sp.png]
[www.residentevil.com/village/assets/images/common/product-contsttl_line-t.png]
[www.residentevil.com/village/assets/images/common/gameplay-contsttl_line-b-sp.png]
[www.residentevil.com/village/assets/images/common/product-contsttl_line-b.png]
[www.residentevil.com/village/assets/css/page/product.css]
[www.residentevil.com/village/assets/images/product/sku/contents_img06-01.jpg]
[www.residentevil.com/village/assets/images/product/sku/contents_img06-02.jpg]
[www.residentevil.com/village/assets/images/product/sku/contents_img06-03.jpg]
[www.residentevil.com/village/assets/images/product/sku/contents_img01-01.jpg]
[www.residentevil.com/village/assets/images/product/sku/contents_img01-02.jpg]
[www.residentevil.com/village/assets/images/product/sku/contents_img01-03.jpg]
[www.residentevil.com/village/assets/images/product/sku/contents_img01-04.jpg]
[www.residentevil.com/village/assets/images/product/sku/contents_img01-05.jpg]
[www.residentevil.com/village/assets/images/product/sku/contents_img01-06.jpg]
[www.residentevil.com/village/assets/images/product/sku/contents_img01-07.jpg]
[www.residentevil.com/village/assets/images/product/sku/contents_img01-08.jpg]
[www.residentevil.com/village/en-asia/modal/product.html]
[www.residentevil.com/village/en-asia/topics/ps-upgrade-cn/index.html]
